
========================================================
   Segmentacao Hierarquica de Cousty - Pipeline Completo
========================================================

--- Selecao de Imagem ---

Imagens encontradas:

  1. tests/data/cat_gray.png
  2. tests/data/landscape.png
  3. Digitar caminho manualmente
  0. Sair

Escolha uma opcao: 
--- Nivel de Corte (Lambda) ---

  1. Lambda = 10.0  (muitos segmentos)
  2. Lambda = 30.0  (moderado - padrao)
  3. Lambda = 50.0  (poucos segmentos)
  4. Lambda = 100.0 (muito poucos segmentos)
  5. Digitar valor personalizado

Escolha uma opcao [2]: 
--- Conectividade ---

  1. 4-vizinhanca (horizontal e vertical)
  2. 8-vizinhanca (inclui diagonais - padrao)

Escolha uma opcao [2]: 
--- Saliency Map ---

  1. Sim, gerar saliency map (padrao)
  2. Nao gerar

Escolha uma opcao [1]: 
--- Prefixo de Saida ---

Os arquivos serao salvos na pasta 'results' como:
results/<prefixo>_segmentation.png e results/<prefixo>_saliency.png.

Digite o prefixo [output]: 
--- Configuracao ---
  Imagem:         tests/data/cat_gray.png
  Lambda:         50
  Conectividade:  8
  Saliency map:   sim
  Prefixo saida:  debug_lambda40

Pressione ENTER para iniciar ou Ctrl+C para cancelar...
Carregando imagem: tests/data/cat_gray.png
Imagem carregada: 1024 x 1024 (3 canais)

Executando segmentacao...
[Cousty] Segmentacao concluida:
  Dimensoes: 1024 x 1024 (3 canais)
  Lambda: 50
  Conectividade: 8
  Segmentos: 1122
  Tempo: 14279.5 ms
Segmentacao salva em: results/debug_lambda40_segmentation.png
Saliency map salvo em: results/debug_lambda40_saliency.png

Concluido com sucesso!
As imagens geradas foram salvas na pasta 'results'.
